// Jest Snapshot v1, https://jestjs.io/docs/snapshot-testing

exports[`Define-XML 2.0 Parser ADaM Snapshots should match ADQSADAS.AVAL itemDef snapshot 1`] = `
{
  "dataType": "integer",
  "description": [
    {
      "value": "Analysis Value",
      "xml_lang": "en",
    },
  ],
  "length": 8,
  "name": "AVAL",
  "oid": "IT.ADQSADAS.AVAL",
  "sasFieldName": "AVAL",
  "valueListRef": "VL.ADQSADAS.AVAL",
}
`;

exports[`Define-XML 2.0 Parser ADaM Snapshots should match ADQSADAS.TRTSDT itemDef snapshot 1`] = `
{
  "dataType": "integer",
  "description": [
    {
      "value": "Date of First Exposure to Treatment",
      "xml_lang": "en",
    },
  ],
  "displayFormat": "date9.",
  "length": 8,
  "name": "TRTSDT",
  "oid": "IT.ADQSADAS.TRTSDT",
  "origins": [
    {
      "description": [
        {
          "value": "ADSL.TRTSDT",
          "xml_lang": "en",
        },
      ],
      "type": "Predecessor",
    },
  ],
  "sasFieldName": "TRTSDT",
}
`;

exports[`Define-XML 2.0 Parser ADaM Snapshots should match ADSL itemGroupDef snapshot 1`] = `
{
  "archiveLocationId": "LF.ADSL",
  "class": "SUBJECT LEVEL ANALYSIS DATASET",
  "commentOid": "COM.ADSL",
  "description": [
    {
      "value": "Subject-Level Analysis",
      "xml_lang": "en",
    },
  ],
  "isReferenceData": false,
  "itemRefs": {
    "IT.ADSL.AGE": {
      "itemOid": "IT.ADSL.AGE",
      "mandatory": false,
      "orderNumber": 16,
    },
    "IT.ADSL.AGEGR1": {
      "itemOid": "IT.ADSL.AGEGR1",
      "mandatory": false,
      "methodOid": "MT.ADSL.AGEGR1",
      "orderNumber": 17,
    },
    "IT.ADSL.AGEGR1N": {
      "itemOid": "IT.ADSL.AGEGR1N",
      "mandatory": false,
      "orderNumber": 18,
    },
    "IT.ADSL.AGEU": {
      "itemOid": "IT.ADSL.AGEU",
      "mandatory": false,
      "orderNumber": 19,
    },
    "IT.ADSL.ARM": {
      "itemOid": "IT.ADSL.ARM",
      "mandatory": false,
      "orderNumber": 6,
    },
    "IT.ADSL.AVGDD": {
      "itemOid": "IT.ADSL.AVGDD",
      "mandatory": false,
      "methodOid": "MT.ADSL.AVGDD",
      "orderNumber": 14,
    },
    "IT.ADSL.BMIBL": {
      "itemOid": "IT.ADSL.BMIBL",
      "mandatory": false,
      "methodOid": "MT.ADSL.BMIBL",
      "orderNumber": 33,
    },
    "IT.ADSL.BMIBLGR1": {
      "itemOid": "IT.ADSL.BMIBLGR1",
      "mandatory": false,
      "methodOid": "MT.ADSL.BMIBLGR1",
      "orderNumber": 34,
    },
    "IT.ADSL.COMP16FL": {
      "itemOid": "IT.ADSL.COMP16FL",
      "mandatory": false,
      "methodOid": "MT.ADSL.COMP16FL",
      "orderNumber": 28,
    },
    "IT.ADSL.COMP24FL": {
      "itemOid": "IT.ADSL.COMP24FL",
      "mandatory": false,
      "methodOid": "MT.ADSL.COMP24FL",
      "orderNumber": 29,
    },
    "IT.ADSL.COMP8FL": {
      "itemOid": "IT.ADSL.COMP8FL",
      "mandatory": false,
      "methodOid": "MT.ADSL.COMP8FL",
      "orderNumber": 27,
    },
    "IT.ADSL.CUMDOSE": {
      "itemOid": "IT.ADSL.CUMDOSE",
      "mandatory": false,
      "methodOid": "MT.ADSL.CUMDOSE",
      "orderNumber": 15,
    },
    "IT.ADSL.DCDECOD": {
      "itemOid": "IT.ADSL.DCDECOD",
      "mandatory": false,
      "methodOid": "MT.ADSL.DCDECOD",
      "orderNumber": 46,
    },
    "IT.ADSL.DCREASCD": {
      "itemOid": "IT.ADSL.DCREASCD",
      "mandatory": false,
      "methodOid": "MT.ADSL.DCREASCD",
      "orderNumber": 47,
    },
    "IT.ADSL.DISCONFL": {
      "itemOid": "IT.ADSL.DISCONFL",
      "mandatory": false,
      "methodOid": "MT.ADSL.DISCONFL",
      "orderNumber": 30,
    },
    "IT.ADSL.DISONSDT": {
      "itemOid": "IT.ADSL.DISONSDT",
      "mandatory": false,
      "methodOid": "MT.ADSL.DISONSDT",
      "orderNumber": 38,
    },
    "IT.ADSL.DSRAEFL": {
      "itemOid": "IT.ADSL.DSRAEFL",
      "mandatory": false,
      "methodOid": "MT.ADSL.DSRAEFL",
      "orderNumber": 31,
    },
    "IT.ADSL.DTHFL": {
      "itemOid": "IT.ADSL.DTHFL",
      "mandatory": false,
      "orderNumber": 32,
    },
    "IT.ADSL.DURDIS": {
      "itemOid": "IT.ADSL.DURDIS",
      "mandatory": false,
      "methodOid": "MT.ADSL.DURDIS",
      "orderNumber": 39,
    },
    "IT.ADSL.DURDSGR1": {
      "itemOid": "IT.ADSL.DURDSGR1",
      "mandatory": false,
      "methodOid": "MT.ADSL.DURDSGR1",
      "orderNumber": 40,
    },
    "IT.ADSL.EDUCLVL": {
      "itemOid": "IT.ADSL.EDUCLVL",
      "mandatory": false,
      "methodOid": "MT.ADSL.EDUCLVL",
      "orderNumber": 37,
    },
    "IT.ADSL.EFFFL": {
      "itemOid": "IT.ADSL.EFFFL",
      "mandatory": false,
      "methodOid": "MT.ADSL.EFFFL",
      "orderNumber": 26,
    },
    "IT.ADSL.ETHNIC": {
      "itemOid": "IT.ADSL.ETHNIC",
      "mandatory": false,
      "orderNumber": 23,
    },
    "IT.ADSL.HEIGHTBL": {
      "itemOid": "IT.ADSL.HEIGHTBL",
      "mandatory": false,
      "methodOid": "MT.ADSL.HEIGHTBL",
      "orderNumber": 35,
    },
    "IT.ADSL.ITTFL": {
      "itemOid": "IT.ADSL.ITTFL",
      "mandatory": false,
      "methodOid": "MT.ADSL.ITTFL",
      "orderNumber": 25,
    },
    "IT.ADSL.MMSETOT": {
      "itemOid": "IT.ADSL.MMSETOT",
      "mandatory": false,
      "methodOid": "MT.ADSL.MMSETOT",
      "orderNumber": 48,
    },
    "IT.ADSL.RACE": {
      "itemOid": "IT.ADSL.RACE",
      "mandatory": false,
      "orderNumber": 20,
    },
    "IT.ADSL.RACEN": {
      "itemOid": "IT.ADSL.RACEN",
      "mandatory": false,
      "orderNumber": 21,
    },
    "IT.ADSL.RFENDT": {
      "itemOid": "IT.ADSL.RFENDT",
      "mandatory": false,
      "methodOid": "MT.ADSL.RFENDT",
      "orderNumber": 45,
    },
    "IT.ADSL.RFENDTC": {
      "itemOid": "IT.ADSL.RFENDTC",
      "mandatory": false,
      "orderNumber": 43,
    },
    "IT.ADSL.RFSTDTC": {
      "itemOid": "IT.ADSL.RFSTDTC",
      "mandatory": false,
      "orderNumber": 42,
    },
    "IT.ADSL.SAFFL": {
      "itemOid": "IT.ADSL.SAFFL",
      "mandatory": false,
      "methodOid": "MT.ADSL.SAFFL",
      "orderNumber": 24,
    },
    "IT.ADSL.SEX": {
      "itemOid": "IT.ADSL.SEX",
      "mandatory": false,
      "orderNumber": 22,
    },
    "IT.ADSL.SITEGR1": {
      "itemOid": "IT.ADSL.SITEGR1",
      "mandatory": false,
      "methodOid": "MT.ADSL.SITEGR1",
      "orderNumber": 5,
    },
    "IT.ADSL.SITEID": {
      "itemOid": "IT.ADSL.SITEID",
      "mandatory": false,
      "orderNumber": 4,
    },
    "IT.ADSL.STUDYID": {
      "itemOid": "IT.ADSL.STUDYID",
      "mandatory": false,
      "orderNumber": 1,
    },
    "IT.ADSL.SUBJID": {
      "itemOid": "IT.ADSL.SUBJID",
      "mandatory": false,
      "orderNumber": 3,
    },
    "IT.ADSL.TRT01A": {
      "itemOid": "IT.ADSL.TRT01A",
      "mandatory": false,
      "orderNumber": 9,
    },
    "IT.ADSL.TRT01AN": {
      "itemOid": "IT.ADSL.TRT01AN",
      "mandatory": false,
      "orderNumber": 10,
    },
    "IT.ADSL.TRT01P": {
      "itemOid": "IT.ADSL.TRT01P",
      "mandatory": false,
      "orderNumber": 7,
    },
    "IT.ADSL.TRT01PN": {
      "itemOid": "IT.ADSL.TRT01PN",
      "mandatory": false,
      "orderNumber": 8,
    },
    "IT.ADSL.TRTDUR": {
      "itemOid": "IT.ADSL.TRTDUR",
      "mandatory": false,
      "methodOid": "MT.ADSL.TRTDUR",
      "orderNumber": 13,
    },
    "IT.ADSL.TRTEDT": {
      "itemOid": "IT.ADSL.TRTEDT",
      "mandatory": false,
      "methodOid": "MT.ADSL.TRTEDT",
      "orderNumber": 12,
    },
    "IT.ADSL.TRTSDT": {
      "itemOid": "IT.ADSL.TRTSDT",
      "mandatory": false,
      "methodOid": "MT.ADSL.TRTSDT",
      "orderNumber": 11,
    },
    "IT.ADSL.USUBJID": {
      "itemOid": "IT.ADSL.USUBJID",
      "keySequence": 1,
      "mandatory": false,
      "orderNumber": 2,
    },
    "IT.ADSL.VISIT1DT": {
      "itemOid": "IT.ADSL.VISIT1DT",
      "mandatory": false,
      "methodOid": "MT.ADSL.VISIT1DT",
      "orderNumber": 41,
    },
    "IT.ADSL.VISNUMEN": {
      "itemOid": "IT.ADSL.VISNUMEN",
      "mandatory": false,
      "methodOid": "MT.ADSL.VISNUMEN",
      "orderNumber": 44,
    },
    "IT.ADSL.WEIGHTBL": {
      "itemOid": "IT.ADSL.WEIGHTBL",
      "mandatory": false,
      "methodOid": "MT.ADSL.WEIGHTBL",
      "orderNumber": 36,
    },
  },
  "itemRefsOrder": [
    "IT.ADSL.STUDYID",
    "IT.ADSL.USUBJID",
    "IT.ADSL.SUBJID",
    "IT.ADSL.SITEID",
    "IT.ADSL.SITEGR1",
    "IT.ADSL.ARM",
    "IT.ADSL.TRT01P",
    "IT.ADSL.TRT01PN",
    "IT.ADSL.TRT01A",
    "IT.ADSL.TRT01AN",
    "IT.ADSL.TRTSDT",
    "IT.ADSL.TRTEDT",
    "IT.ADSL.TRTDUR",
    "IT.ADSL.AVGDD",
    "IT.ADSL.CUMDOSE",
    "IT.ADSL.AGE",
    "IT.ADSL.AGEGR1",
    "IT.ADSL.AGEGR1N",
    "IT.ADSL.AGEU",
    "IT.ADSL.RACE",
    "IT.ADSL.RACEN",
    "IT.ADSL.SEX",
    "IT.ADSL.ETHNIC",
    "IT.ADSL.SAFFL",
    "IT.ADSL.ITTFL",
    "IT.ADSL.EFFFL",
    "IT.ADSL.COMP8FL",
    "IT.ADSL.COMP16FL",
    "IT.ADSL.COMP24FL",
    "IT.ADSL.DISCONFL",
    "IT.ADSL.DSRAEFL",
    "IT.ADSL.DTHFL",
    "IT.ADSL.BMIBL",
    "IT.ADSL.BMIBLGR1",
    "IT.ADSL.HEIGHTBL",
    "IT.ADSL.WEIGHTBL",
    "IT.ADSL.EDUCLVL",
    "IT.ADSL.DISONSDT",
    "IT.ADSL.DURDIS",
    "IT.ADSL.DURDSGR1",
    "IT.ADSL.VISIT1DT",
    "IT.ADSL.RFSTDTC",
    "IT.ADSL.RFENDTC",
    "IT.ADSL.VISNUMEN",
    "IT.ADSL.RFENDT",
    "IT.ADSL.DCDECOD",
    "IT.ADSL.DCREASCD",
    "IT.ADSL.MMSETOT",
  ],
  "leaf": {
    "id": "LF.ADSL",
    "title": "adsl.xpt ",
    "xlink_href": "adsl.xpt",
  },
  "name": "ADSL",
  "oid": "IG.ADSL",
  "purpose": "Analysis",
  "repeating": false,
  "sasDatasetName": "ADSL",
  "structure": "one record per subject",
}
`;

exports[`Define-XML 2.0 Parser ADaM Snapshots should match leaf LF.ADRG snapshot 1`] = `
{
  "id": "LF.ADRG",
  "title": "Analysis Data Reviewer's Guide",
  "xlink_href": "analysis-data-reviewers-guide.pdf",
}
`;

exports[`Define-XML 2.0 Parser ADaM Snapshots should match valueList VL.ADQSADAS.AVAL snapshot 1`] = `
{
  "itemRefs": {
    "IT.ADQSADAS.AVAL.ACITM01-ACITM14": {
      "itemOid": "IT.ADQSADAS.AVAL.ACITM01-ACITM14",
      "mandatory": false,
      "methodOid": "MT.ADQSADAS.AVAL.ACITM01-ACITM14",
      "whereClauseRefs": [
        "WC.ADQSADAS.AVAL.ACITM01-ACITM14",
      ],
    },
    "IT.ADQSADAS.AVAL.ACTOT": {
      "itemOid": "IT.ADQSADAS.AVAL.ACTOT",
      "mandatory": false,
      "methodOid": "MT.ADQSADAS.AVAL.ACTOT",
      "whereClauseRefs": [
        "WC.ADQSADAS.AVAL.ACTOT",
      ],
    },
  },
  "itemRefsOrder": [
    "IT.ADQSADAS.AVAL.ACITM01-ACITM14",
    "IT.ADQSADAS.AVAL.ACTOT",
  ],
  "oid": "VL.ADQSADAS.AVAL",
}
`;

exports[`Define-XML 2.0 Parser ADaM Snapshots should match whereClause WC.ADQSADAS.AVAL.ACITM01-ACITM14 snapshot 1`] = `
{
  "oid": "WC.ADQSADAS.AVAL.ACITM01-ACITM14",
  "rangeChecks": [
    {
      "checkValues": [
        "ACITM01",
        "ACITM02",
        "ACITM03",
        "ACITM04",
        "ACITM05",
        "ACITM06",
        "ACITM07",
        "ACITM08",
        "ACITM09",
        "ACITM10",
        "ACITM11",
        "ACITM12",
        "ACITM13",
        "ACITM14",
      ],
      "comparator": "IN",
      "itemOid": "IT.ADQSADAS.PARAMCD",
      "softHard": "Soft",
    },
  ],
}
`;

exports[`Define-XML 2.0 Parser SDTM Snapshots should match AE itemGroupDef snapshot 1`] = `
{
  "archiveLocationId": "LF.AE",
  "class": "EVENTS",
  "description": [
    {
      "value": "Adverse Events",
      "xml_lang": "en",
    },
  ],
  "domain": "AE",
  "isReferenceData": false,
  "itemRefs": {
    "IT.AE.AEACN": {
      "itemOid": "IT.AE.AEACN",
      "mandatory": true,
      "orderNumber": 12,
    },
    "IT.AE.AEBODSYS": {
      "itemOid": "IT.AE.AEBODSYS",
      "mandatory": false,
      "orderNumber": 9,
    },
    "IT.AE.AEDECOD": {
      "itemOid": "IT.AE.AEDECOD",
      "keySequence": 3,
      "mandatory": true,
      "orderNumber": 8,
    },
    "IT.AE.AEENDTC": {
      "itemOid": "IT.AE.AEENDTC",
      "mandatory": false,
      "orderNumber": 15,
    },
    "IT.AE.AEENDY": {
      "itemOid": "IT.AE.AEENDY",
      "mandatory": false,
      "methodOid": "MT.AEENDY",
      "orderNumber": 17,
    },
    "IT.AE.AEENRF": {
      "itemOid": "IT.AE.AEENRF",
      "mandatory": false,
      "orderNumber": 18,
    },
    "IT.AE.AEMODIFY": {
      "itemOid": "IT.AE.AEMODIFY",
      "mandatory": false,
      "orderNumber": 7,
    },
    "IT.AE.AEREL": {
      "itemOid": "IT.AE.AEREL",
      "mandatory": true,
      "orderNumber": 13,
    },
    "IT.AE.AESEQ": {
      "itemOid": "IT.AE.AESEQ",
      "mandatory": true,
      "methodOid": "MT.SEQ",
      "orderNumber": 4,
    },
    "IT.AE.AESER": {
      "itemOid": "IT.AE.AESER",
      "mandatory": true,
      "orderNumber": 11,
    },
    "IT.AE.AESEV": {
      "itemOid": "IT.AE.AESEV",
      "mandatory": true,
      "orderNumber": 10,
    },
    "IT.AE.AESPID": {
      "itemOid": "IT.AE.AESPID",
      "mandatory": false,
      "orderNumber": 5,
    },
    "IT.AE.AESTDTC": {
      "itemOid": "IT.AE.AESTDTC",
      "keySequence": 4,
      "mandatory": false,
      "orderNumber": 14,
    },
    "IT.AE.AESTDY": {
      "itemOid": "IT.AE.AESTDY",
      "mandatory": false,
      "methodOid": "MT.AESTDY",
      "orderNumber": 16,
    },
    "IT.AE.AETERM": {
      "itemOid": "IT.AE.AETERM",
      "mandatory": true,
      "orderNumber": 6,
    },
    "IT.AE.DOMAIN": {
      "itemOid": "IT.AE.DOMAIN",
      "mandatory": true,
      "orderNumber": 2,
    },
    "IT.STUDYID": {
      "itemOid": "IT.STUDYID",
      "keySequence": 1,
      "mandatory": true,
      "orderNumber": 1,
    },
    "IT.USUBJID": {
      "itemOid": "IT.USUBJID",
      "keySequence": 2,
      "mandatory": true,
      "methodOid": "MT.USUBJID",
      "orderNumber": 3,
    },
  },
  "itemRefsOrder": [
    "IT.STUDYID",
    "IT.AE.DOMAIN",
    "IT.USUBJID",
    "IT.AE.AESEQ",
    "IT.AE.AESPID",
    "IT.AE.AETERM",
    "IT.AE.AEMODIFY",
    "IT.AE.AEDECOD",
    "IT.AE.AEBODSYS",
    "IT.AE.AESEV",
    "IT.AE.AESER",
    "IT.AE.AEACN",
    "IT.AE.AEREL",
    "IT.AE.AESTDTC",
    "IT.AE.AEENDTC",
    "IT.AE.AESTDY",
    "IT.AE.AEENDY",
    "IT.AE.AEENRF",
  ],
  "leaf": {
    "id": "LF.AE",
    "title": "ae.xpt",
    "xlink_href": "ae.xpt",
  },
  "name": "AE",
  "oid": "IG.AE",
  "purpose": "Tabulation",
  "repeating": true,
  "sasDatasetName": "AE",
  "structure": "One record per adverse event per subject",
}
`;

exports[`Define-XML 2.0 Parser SDTM Snapshots should match AESTDY itemDef snapshot 1`] = `
{
  "dataType": "integer",
  "description": [
    {
      "value": "Study Day of Start of Adverse Event",
      "xml_lang": "en",
    },
  ],
  "length": 3,
  "name": "AESTDY",
  "oid": "IT.AE.AESTDY",
  "origins": [
    {
      "type": "Derived",
    },
  ],
  "sasFieldName": "AESTDY",
}
`;

exports[`Define-XML 2.0 Parser SDTM Snapshots should match code list CL.EPOCH snapshot 1`] = `
{
  "alias": [
    {
      "context": "nci:ExtCodeID",
      "name": "C99079",
    },
  ],
  "dataType": "text",
  "enumeratedItems": [
    {
      "codedValue": "SCREEN",
      "extendedValue": true,
    },
    {
      "alias": [
        {
          "context": "nci:ExtCodeID",
          "name": "C49236",
        },
      ],
      "codedValue": "TREATMENT",
    },
  ],
  "name": "Epoch",
  "oid": "CL.EPOCH",
}
`;

exports[`Define-XML 2.0 Parser SDTM Snapshots should match comment COM.DOMAIN.DM snapshot 1`] = `
{
  "description": [
    {
      "value": "See Reviewer's Guide, Section 2.1 Demographics",
      "xml_lang": "en",
    },
  ],
  "documentRefs": [
    {
      "leafId": "LF.ReviewersGuide",
      "pdfPageRefs": [
        {
          "pageRefs": "section2.1",
          "type": "NamedDestination",
        },
      ],
    },
  ],
  "oid": "COM.DOMAIN.DM",
}
`;

exports[`Define-XML 2.0 Parser SDTM Snapshots should match external code list CL.AEDICT_F snapshot 1`] = `
{
  "dataType": "text",
  "externalCodeList": {
    "dictionary": "MEDDRA",
    "version": "8.0",
  },
  "name": "Adverse Event Dictionary",
  "oid": "CL.AEDICT_F",
}
`;

exports[`Define-XML 2.0 Parser SDTM Snapshots should match method MT.USUBJID snapshot 1`] = `
{
  "description": [
    {
      "value": "Concatenation of STUDYID and SUBJID",
      "xml_lang": "en",
    },
  ],
  "formalExpressions": [
    {
      "context": "SAS 9.0 or later, as part of a data step assignment or proc sql select and update statements.",
      "value": "
          catx(".",STUDYID,SUBJID)
        ",
    },
  ],
  "name": "Algorithm to derive USUBJID",
  "oid": "MT.USUBJID",
  "type": "Computation",
}
`;

exports[`Define-XML 2.0 Parser should return stylesheet information 1`] = `
{
  "href": "../stylesheets/define2-0-0.xsl",
  "type": "text/xsl",
}
`;

exports[`Define-XML 2.0 Parser should return xml information 1`] = `
{
  "encoding": "UTF-8",
  "version": "1.0",
}
`;
